Create a database called 'my_first_db'.
use 'my_first_db'

Create students collection.
db.createCollection('students')

Each document you insert into this collection should have the following format: ({name: STRING, home_state: STRING, lucky_number: NUMBER, birthday: {month: NUMBER, day: NUMBER, year: NUMBER}})




Create 5 students with the appropriate info.
> db.students.insert({name: "Joseph", home_state: "CA, lucky_number: 7, birthday: {month: 1, day: 1, year: 1973}})
2019-02-12T14:41:46.623-0800 E QUERY    [js] SyntaxError: unterminated string literal @(shell):1:48
> db.students.insert({name: "Joseph", home_state: "CA", lucky_number: 7, birthday: {month: 1, day: 1, year: 1973}})
WriteResult({ "nInserted" : 1 })
> db.students.insert({name: "Stan", home_state: "CA", lucky_number: 10, birthday: {month: 2, day: 2, year: 1974}})
WriteResult({ "nInserted" : 1 })
> db.students.insert({name: "Sam", home_state: "CA", lucky_number: 10, birthday: {month: 5, day: 12, year: 1990}})
WriteResult({ "nInserted" : 1 })
> db.students.insert({name: "Lisa", home_state: "WA", lucky_number: 10, birthday: {month: 8, day: 1, year: 1984}})
WriteResult({ "nInserted" : 1 })
> db.students.insert({name: "Sandra", home_state: "WA", lucky_number: 23, birthday: {month: 10, day: 13, year: 1999}})
WriteResult({ "nInserted" : 1 })


Get all students.


Retrieve all students who are from California (San Jose Dojo) or Washington (Seattle Dojo).
Get all students whose lucky number is:
greater than 3
less than or equal to 10
between 1 and 9 (inclusive)
Add a field to each student collection called 'interests' that is an ARRAY.  It should contain the following entries: 'coding', 'brunch', 'MongoDB'. Do this in ONE operation.
Add some unique interests for each particular student into each of their interest arrays.
Add the interest 'taxes' into someone's interest array.
Remove the 'taxes' interest you just added.
Remove all students who are from California.
Remove a student by name. 
Remove a student whose lucky number is greater than 5 (JUST ONE)
Add a field to each student collection called 'number_of_belts' and set it to 0.
Increment this field by 1 for all students in Washington (Seattle Dojo).
Rename the 'number_of_belts' field to 'belts_earned'
Remove the 'lucky_number' field.
Add a 'updated_on' field, and set the value as the current date.